// Jest Snapshot v1, https://goo.gl/fbAQLP

exports[`App matches snapshot 1`] = `
<div
  className="App"
>
  <header
    className="App-header"
  >
    <img
      alt="logo"
      height="272"
      src="https://i.imgur.com/jcvsFKh.png"
      width="800"
    />
  </header>
  <nav
    className="App-nav"
  >
    <a
      href="/"
      onClick={[Function]}
    >
      Home
    </a>
    <a
      href="/machines"
      onClick={[Function]}
    >
      Machines
    </a>
  </nav>
</div>
`;
